------------------------------------------------------------
TimeQuest Timing Analyzer Summary
------------------------------------------------------------

Type  : Slow Model Setup 'clock'
Slack : -19.941
TNS   : -18596.468

Type  : Slow Model Setup 'MEM_INST:mem_i|altsyncram:altsyncram_component|altsyncram_n5d1:auto_generated|ram_block1a0~porta_address_reg0'
Slack : -3.221
TNS   : -38.033

Type  : Slow Model Hold 'MEM_INST:mem_i|altsyncram:altsyncram_component|altsyncram_n5d1:auto_generated|ram_block1a0~porta_address_reg0'
Slack : -6.215
TNS   : -75.584

Type  : Slow Model Hold 'clock'
Slack : 0.527
TNS   : 0.000

Type  : Slow Model Minimum Pulse Width 'clock'
Slack : -2.000
TNS   : -1705.380

Type  : Slow Model Minimum Pulse Width 'MEM_INST:mem_i|altsyncram:altsyncram_component|altsyncram_n5d1:auto_generated|ram_block1a0~porta_address_reg0'
Slack : -1.939
TNS   : -176.582

Type  : Fast Model Setup 'clock'
Slack : -9.527
TNS   : -8738.141

Type  : Fast Model Setup 'MEM_INST:mem_i|altsyncram:altsyncram_component|altsyncram_n5d1:auto_generated|ram_block1a0~porta_address_reg0'
Slack : -1.119
TNS   : -13.052

Type  : Fast Model Hold 'MEM_INST:mem_i|altsyncram:altsyncram_component|altsyncram_n5d1:auto_generated|ram_block1a0~porta_address_reg0'
Slack : -3.120
TNS   : -38.183

Type  : Fast Model Hold 'clock'
Slack : 0.241
TNS   : 0.000

Type  : Fast Model Minimum Pulse Width 'clock'
Slack : -2.000
TNS   : -1705.380

Type  : Fast Model Minimum Pulse Width 'MEM_INST:mem_i|altsyncram:altsyncram_component|altsyncram_n5d1:auto_generated|ram_block1a0~porta_address_reg0'
Slack : -0.542
TNS   : -37.932

------------------------------------------------------------
