------------------------------------------------------------
TimeQuest Timing Analyzer Summary
------------------------------------------------------------

Type  : Slow Model Setup 'clock'
Slack : -17.063
TNS   : -16764.648

Type  : Slow Model Setup 'MEM_INST:mem_i|altsyncram:altsyncram_component|altsyncram_n5d1:auto_generated|ram_block1a0~porta_address_reg0'
Slack : -4.199
TNS   : -52.948

Type  : Slow Model Hold 'MEM_INST:mem_i|altsyncram:altsyncram_component|altsyncram_n5d1:auto_generated|ram_block1a0~porta_address_reg0'
Slack : -6.012
TNS   : -66.988

Type  : Slow Model Hold 'clock'
Slack : -0.061
TNS   : -0.061

Type  : Slow Model Minimum Pulse Width 'MEM_INST:mem_i|altsyncram:altsyncram_component|altsyncram_n5d1:auto_generated|ram_block1a0~porta_address_reg0'
Slack : -2.375
TNS   : -239.956

Type  : Slow Model Minimum Pulse Width 'clock'
Slack : -2.000
TNS   : -1736.380

Type  : Fast Model Setup 'clock'
Slack : -7.668
TNS   : -7482.562

Type  : Fast Model Setup 'MEM_INST:mem_i|altsyncram:altsyncram_component|altsyncram_n5d1:auto_generated|ram_block1a0~porta_address_reg0'
Slack : -1.651
TNS   : -20.525

Type  : Fast Model Hold 'MEM_INST:mem_i|altsyncram:altsyncram_component|altsyncram_n5d1:auto_generated|ram_block1a0~porta_address_reg0'
Slack : -3.042
TNS   : -34.112

Type  : Fast Model Hold 'clock'
Slack : 0.070
TNS   : 0.000

Type  : Fast Model Minimum Pulse Width 'clock'
Slack : -2.000
TNS   : -1736.380

Type  : Fast Model Minimum Pulse Width 'MEM_INST:mem_i|altsyncram:altsyncram_component|altsyncram_n5d1:auto_generated|ram_block1a0~porta_address_reg0'
Slack : -0.777
TNS   : -71.278

------------------------------------------------------------
